[ambienteseguro.org.ua/c/1e4270df11.html]
[backblue.gif]
[fade.gif]
[index.html]
[cdn.jsdelivr.net/gh/davidshimjs/qrcodejs/qrcode.min.js]
[connect.facebook.net/en_US/fbevents.js]
[multi.paradisepags.com/uploads/product_banners/store_2168_banner_12e081a8afc7e1fdce1121103020708c.png]
[multi.paradisepags.com/uploads/product_images/store_2168_9619662f12be10731f6178ecb4058375.jpg]
[grimo.site/priv-hot/order-img/juliana.png]
[grimo.site/priv-hot/order-img/mel.png]
[grimo.site/priv-hot/order-img/negrini.png]
[grimo.site/priv-hot/order-img/kamyvitalicio.png]
[grimo.site/priv-hot/order-img/wpp.png]
[ambienteseguro.org.ua/c/1e4270df11.html]
[ambienteseguro.org.ua/c/t]
[ambienteseguro.org.ua/c/signals/config/index.html]
[ambienteseguro.org.ua/c/e]
[ambienteseguro.org.ua/c/signals/plugins/index.html]
[ambienteseguro.org.ua/c/t.c.delayed]
[ambienteseguro.org.ua/c/o]
[ambienteseguro.org.ua/signals/iwl.js]
[ambienteseguro.org.ua/signals/iwl0fc5.js]
[ambienteseguro.org.ua/c/schema.org/index.html]
[ambienteseguro.org.ua/c/r.10.delayed]
[ambienteseguro.org.ua/c/r.rl]
[connect.facebook.net/en_US/fbevents.js]
[ambienteseguro.org.ua/c/signals/config/index.html]
[ambienteseguro.org.ua/c/t.html]
[ambienteseguro.org.ua/c/e.html]
[ambienteseguro.org.ua/c/signals/plugins/index.html]
[ambienteseguro.org.ua/c/schema.org/index.html]
[ambienteseguro.org.ua/c/t-2.html]
[ambienteseguro.org.ua/c/o.html]
[ambienteseguro.org.ua/signals/iwl.html]
[ambienteseguro.org.ua/signals/iwl0fc5.html]
[ambienteseguro.org.ua/c/r.html]
[ambienteseguro.org.ua/c/r-2.html]
